Archive member included because of file (symbol)

c:/freescale/kds_v3/toolchain/bin/../lib/gcc/arm-none-eabi/4.8.4/../../../../arm-none-eabi/lib/armv7e-m\libstdc++_s.a(del_op.o)
                              ./Startup_Code/console.o (operator delete(void*))
c:/freescale/kds_v3/toolchain/bin/../lib/gcc/arm-none-eabi/4.8.4/../../../../arm-none-eabi/lib/armv7e-m\libstdc++_s.a(atexit_arm.o)
                              ./Startup_Code/console.o (__aeabi_atexit)
c:/freescale/kds_v3/toolchain/bin/../lib/gcc/arm-none-eabi/4.8.4/../../../../arm-none-eabi/lib/armv7e-m\libm.a(lib_a-s_round.o)
                              ./Sources/delay.o (round)
c:/freescale/kds_v3/toolchain/bin/../lib/gcc/arm-none-eabi/4.8.4/armv7e-m\libgcc.a(_arm_addsubdf3.o)
                              c:/freescale/kds_v3/toolchain/bin/../lib/gcc/arm-none-eabi/4.8.4/../../../../arm-none-eabi/lib/armv7e-m\libm.a(lib_a-s_round.o) (__aeabi_dadd)
c:/freescale/kds_v3/toolchain/bin/../lib/gcc/arm-none-eabi/4.8.4/armv7e-m\libgcc.a(_arm_fixdfsi.o)
                              ./Sources/delay.o (__aeabi_d2iz)
c:/freescale/kds_v3/toolchain/bin/../lib/gcc/arm-none-eabi/4.8.4/armv7e-m\libgcc.a(_arm_addsubsf3.o)
                              ./Sources/spi.o (__aeabi_fsub)
c:/freescale/kds_v3/toolchain/bin/../lib/gcc/arm-none-eabi/4.8.4/armv7e-m\libgcc.a(_arm_muldivsf3.o)
                              ./Sources/delay.o (__aeabi_fmul)
c:/freescale/kds_v3/toolchain/bin/../lib/gcc/arm-none-eabi/4.8.4/armv7e-m\libgcc.a(_arm_cmpsf2.o)
                              ./Sources/spi.o (__aeabi_fcmplt)
c:/freescale/kds_v3/toolchain/bin/../lib/gcc/arm-none-eabi/4.8.4/armv7e-m\libgcc.a(_aeabi_uldivmod.o)
                              ./Sources/delay.o (__aeabi_uldivmod)
c:/freescale/kds_v3/toolchain/bin/../lib/gcc/arm-none-eabi/4.8.4/armv7e-m\libgcc.a(bpabi.o)
                              c:/freescale/kds_v3/toolchain/bin/../lib/gcc/arm-none-eabi/4.8.4/armv7e-m\libgcc.a(_aeabi_uldivmod.o) (__gnu_uldivmod_helper)
c:/freescale/kds_v3/toolchain/bin/../lib/gcc/arm-none-eabi/4.8.4/armv7e-m\libgcc.a(_dvmd_tls.o)
                              c:/freescale/kds_v3/toolchain/bin/../lib/gcc/arm-none-eabi/4.8.4/armv7e-m\libgcc.a(_aeabi_uldivmod.o) (__aeabi_ldiv0)
c:/freescale/kds_v3/toolchain/bin/../lib/gcc/arm-none-eabi/4.8.4/armv7e-m\libgcc.a(_divdi3.o)
                              c:/freescale/kds_v3/toolchain/bin/../lib/gcc/arm-none-eabi/4.8.4/armv7e-m\libgcc.a(bpabi.o) (__divdi3)
c:/freescale/kds_v3/toolchain/bin/../lib/gcc/arm-none-eabi/4.8.4/armv7e-m\libgcc.a(_udivdi3.o)
                              c:/freescale/kds_v3/toolchain/bin/../lib/gcc/arm-none-eabi/4.8.4/armv7e-m\libgcc.a(bpabi.o) (__udivdi3)
c:/freescale/kds_v3/toolchain/bin/../lib/gcc/arm-none-eabi/4.8.4/../../../../arm-none-eabi/lib/armv7e-m\libg_s.a(lib_a-assert.o)
                              ./Sources/ftfl.o (__assert_func)
c:/freescale/kds_v3/toolchain/bin/../lib/gcc/arm-none-eabi/4.8.4/../../../../arm-none-eabi/lib/armv7e-m\libg_s.a(lib_a-cxa_atexit.o)
                              c:/freescale/kds_v3/toolchain/bin/../lib/gcc/arm-none-eabi/4.8.4/../../../../arm-none-eabi/lib/armv7e-m\libstdc++_s.a(atexit_arm.o) (__cxa_atexit)
c:/freescale/kds_v3/toolchain/bin/../lib/gcc/arm-none-eabi/4.8.4/../../../../arm-none-eabi/lib/armv7e-m\libg_s.a(lib_a-exit.o)
                              c:/freescale/kds_v3/toolchain/bin/../lib/gcc/arm-none-eabi/4.8.4/../../../../arm-none-eabi/lib/armv7e-m/rdimon-crt0.o (exit)
c:/freescale/kds_v3/toolchain/bin/../lib/gcc/arm-none-eabi/4.8.4/../../../../arm-none-eabi/lib/armv7e-m\libg_s.a(lib_a-fprintf.o)
                              c:/freescale/kds_v3/toolchain/bin/../lib/gcc/arm-none-eabi/4.8.4/../../../../arm-none-eabi/lib/armv7e-m\libg_s.a(lib_a-assert.o) (fiprintf)
c:/freescale/kds_v3/toolchain/bin/../lib/gcc/arm-none-eabi/4.8.4/../../../../arm-none-eabi/lib/armv7e-m\libg_s.a(lib_a-impure.o)
                              c:/freescale/kds_v3/toolchain/bin/../lib/gcc/arm-none-eabi/4.8.4/../../../../arm-none-eabi/lib/armv7e-m\libg_s.a(lib_a-exit.o) (_global_impure_ptr)
c:/freescale/kds_v3/toolchain/bin/../lib/gcc/arm-none-eabi/4.8.4/../../../../arm-none-eabi/lib/armv7e-m\libg_s.a(lib_a-init.o)
                              c:/freescale/kds_v3/toolchain/bin/../lib/gcc/arm-none-eabi/4.8.4/../../../../arm-none-eabi/lib/armv7e-m/rdimon-crt0.o (__libc_init_array)
c:/freescale/kds_v3/toolchain/bin/../lib/gcc/arm-none-eabi/4.8.4/../../../../arm-none-eabi/lib/armv7e-m\libg_s.a(lib_a-malloc.o)
                              c:/freescale/kds_v3/toolchain/bin/../lib/gcc/arm-none-eabi/4.8.4/../../../../arm-none-eabi/lib/armv7e-m\libstdc++_s.a(del_op.o) (free)
c:/freescale/kds_v3/toolchain/bin/../lib/gcc/arm-none-eabi/4.8.4/../../../../arm-none-eabi/lib/armv7e-m\libg_s.a(lib_a-memcpy-stub.o)
                              ./Startup_Code/mcg.o (memcpy)
c:/freescale/kds_v3/toolchain/bin/../lib/gcc/arm-none-eabi/4.8.4/../../../../arm-none-eabi/lib/armv7e-m\libg_s.a(lib_a-memset.o)
[...]
Memory Configuration

Name             Origin             Length             Attributes
bitband          0x22000000         0x02000000         rw
aips0            0x40000000         0x00080000         rw
aips1            0x40080000         0x0007f000         rw
gpio             0x400ff000         0x00001000         rw
gpioBitband      0x42000000         0x02000000         rw
peripherals      0xe0000000         0x00100000         rw
flexRAM          0x14000000         0x00000800         rw
flexNVM          0x10000000         0x00008000         xr
flash            0x00000000         0x00020000         xr
ram              0x1fffe000         0x00004000         xrw
gdbGuard         0x20002000         0x00000020         r
*default*        0x00000000         0xffffffff

Linker script and memory map

LOAD c:/freescale/kds_v3/toolchain/bin/../lib/gcc/arm-none-eabi/4.8.4/armv7e-m/crti.o
LOAD c:/freescale/kds_v3/toolchain/bin/../lib/gcc/arm-none-eabi/4.8.4/armv7e-m/crtbegin.o
LOAD c:/freescale/kds_v3/toolchain/bin/../lib/gcc/arm-none-eabi/4.8.4/../../../../arm-none-eabi/lib/armv7e-m/rdimon-crt0.o
LOAD ./Startup_Code/console.o
LOAD ./Startup_Code/mcg.o
LOAD ./Startup_Code/newlib_stubs.o
LOAD ./Startup_Code/rtc.o
LOAD ./Startup_Code/security.o
LOAD ./Startup_Code/startup_ARMLtdGCC.o
LOAD ./Startup_Code/system-gcc.o
LOAD ./Startup_Code/system.o
LOAD ./Startup_Code/vectors.o
LOAD ./Sources/delay.o
LOAD ./Sources/ftfl.o
LOAD ./Sources/hardware.o
LOAD ./Sources/i2c.o
LOAD ./Sources/main.o
LOAD ./Sources/spi.o
LOAD ./Sources/usbdmError.o
LOAD c:/freescale/kds_v3/toolchain/bin/../lib/gcc/arm-none-eabi/4.8.4/../../../../arm-none-eabi/lib/armv7e-m\libstdc++_s.a
LOAD c:/freescale/kds_v3/toolchain/bin/../lib/gcc/arm-none-eabi/4.8.4/../../../../arm-none-eabi/lib/armv7e-m\libm.a
START GROUP
LOAD c:/freescale/kds_v3/toolchain/bin/../lib/gcc/arm-none-eabi/4.8.4/armv7e-m\libgcc.a
LOAD c:/freescale/kds_v3/toolchain/bin/../lib/gcc/arm-none-eabi/4.8.4/../../../../arm-none-eabi/lib/armv7e-m\libg_s.a
LOAD c:/freescale/kds_v3/toolchain/bin/../lib/gcc/arm-none-eabi/4.8.4/../../../../arm-none-eabi/lib/armv7e-m\libc_s.a
END GROUP
START GROUP
LOAD c:/freescale/kds_v3/toolchain/bin/../lib/gcc/arm-none-eabi/4.8.4/armv7e-m\libgcc.a
LOAD c:/freescale/kds_v3/toolchain/bin/../lib/gcc/arm-none-eabi/4.8.4/../../../../arm-none-eabi/lib/armv7e-m\libc_s.a
LOAD c:/freescale/kds_v3/toolchain/bin/../lib/gcc/arm-none-eabi/4.8.4/../../../../arm-none-eabi/lib/armv7e-m\librdimon_s.a
END GROUP
START GROUP
LOAD c:/freescale/kds_v3/toolchain/bin/../lib/gcc/arm-none-eabi/4.8.4/armv7e-m\libgcc.a
LOAD c:/freescale/kds_v3/toolchain/bin/../lib/gcc/arm-none-eabi/4.8.4/../../../../arm-none-eabi/lib/armv7e-m\libc_s.a
LOAD c:/freescale/kds_v3/toolchain/bin/../lib/gcc/arm-none-eabi/4.8.4/../../../../arm-none-eabi/lib/armv7e-m\librdimon_s.a
END GROUP
LOAD c:/freescale/kds_v3/toolchain/bin/../lib/gcc/arm-none-eabi/4.8.4/armv7e-m/crtend.o
LOAD c:/freescale/kds_v3/toolchain/bin/../lib/gcc/arm-none-eabi/4.8.4/armv7e-m/crtn.o
                0x00001000                __stack_size = 0x1000
                0x00001000                __heap_size = 0x1000
                0x00000000                __sram_u_size = 0x0
                0x00001000                PROVIDE (__stack_size__, __stack_size)
                0x00001000                PROVIDE (__heap_size__, __heap_size)
                0x00000540                PROVIDE (__HardReset, Reset_Handler)
                0x0000128c                PROVIDE (_start, main)

.interrupts     0x00000000      0x410
                0x00000000                __flash_start = .
                0x00000000                __VECTOR_TABLE = .
 *(.interrupt_vectors)
 .interrupt_vectors
                0x00000000       0xf8 ./Startup_Code/vectors.o
                0x00000000                __vector_table
 *(.isr_vector)
                0x00000001                ASSERT ((. != __flash_start), No reset vector found)
                0x000000f8                __VECTOR_TABLE_END = .
                0x00000400                . = (__flash_start + 0x400)
 *fill*         0x000000f8      0x308 
 *(.security_information)
 .security_information
                0x00000400       0x10 ./Startup_Code/security.o
                0x00000400                securityInfo
 *(.FlashConfig)
                0x00000001                ASSERT ((. == (__flash_start + 0x410)), No Freescale security information)
                0x00000000                M_VECTOR_RAM_SIZE = DEFINED (__ram_vector_table__)?(__VECTOR_TABLE_END - __VECTOR_TABLE):0x0

.text           0x00000410     0x11d0
 *(.text)
 .text          0x00000410       0x54 c:/freescale/kds_v3/toolchain/bin/../lib/gcc/arm-none-eabi/4.8.4/armv7e-m/crtbegin.o
 .text          0x00000464       0xdc c:/freescale/kds_v3/toolchain/bin/../lib/gcc/arm-none-eabi/4.8.4/../../../../arm-none-eabi/lib/armv7e-m/rdimon-crt0.o
                0x00000464                _start
                0x00000464                _mainCRTStartup
 .text          0x00000540       0x44 ./Startup_Code/startup_ARMLtdGCC.o
                0x00000540                Reset_Handler
 *(.text*)
 .text._ZN5USBDM9Uart0Info22getInputClockFrequencyEv
                0x00000584       0x18 ./Startup_Code/console.o
                0x00000584                USBDM::Uart0Info::getInputClockFrequency()
 .text._ZN5USBDM9Uart0Info8initPCRsEm
                0x0000059c       0x4c ./Startup_Code/console.o
                0x0000059c                USBDM::Uart0Info::initPCRs(unsigned long)
 .text._ZN5USBDM4UartD2Ev
                0x000005e8       0x28 ./Startup_Code/console.o
                0x000005e8                USBDM::Uart::~Uart()
                0x000005e8                USBDM::Uart::~Uart()
 .text._ZN5USBDM4UartD0Ev
                0x00000610       0x20 ./Startup_Code/console.o
                0x00000610                USBDM::Uart::~Uart()
 .text._ZN5USBDM4UartC2EPV9UART_Type
                0x00000630       0x28 ./Startup_Code/console.o
                0x00000630                USBDM::Uart::Uart(UART_Type volatile*)
                0x00000630                USBDM::Uart::Uart(UART_Type volatile*)
 .text._ZN5USBDM4Uart11setBaudRateEmm
                0x00000658       0x98 ./Startup_Code/console.o
                0x00000658                USBDM::Uart::setBaudRate(unsigned long, unsigned long)
 .text._ZN5USBDM9UartIrq_TINS_9Uart0InfoEED2Ev
                0x000006f0       0x30 ./Startup_Code/console.o
                0x000006f0                USBDM::UartIrq_T<USBDM::Uart0Info>::~UartIrq_T()
                0x000006f0                USBDM::UartIrq_T<USBDM::Uart0Info>::~UartIrq_T()
 .text._ZN5USBDM9UartIrq_TINS_9Uart0InfoEED0Ev
                0x00000720       0x20 ./Startup_Code/console.o
                0x00000720                USBDM::UartIrq_T<USBDM::Uart0Info>::~UartIrq_T()
 .text._ZN5USBDM5Uart0C2Ej
                0x00000740       0x28 ./Startup_Code/console.o
                0x00000740                USBDM::Uart0::Uart0(unsigned int)
                0x00000740                USBDM::Uart0::Uart0(unsigned int)
 .text.console_initialise
                0x00000768       0x14 ./Startup_Code/console.o
                0x00000768                console_initialise
 .text._ZN5USBDM9UartIrq_TINS_9Uart0InfoEEC2Ej
                0x0000077c       0x28 ./Startup_Code/console.o
                0x0000077c                USBDM::UartIrq_T<USBDM::Uart0Info>::UartIrq_T(unsigned int)
                0x0000077c                USBDM::UartIrq_T<USBDM::Uart0Info>::UartIrq_T(unsigned int)
 .text._ZN5USBDM6Uart_TINS_9Uart0InfoEED2Ev
                0x000007a4       0x30 ./Startup_Code/console.o
                0x000007a4                USBDM::Uart_T<USBDM::Uart0Info>::~Uart_T()
                0x000007a4                USBDM::Uart_T<USBDM::Uart0Info>::~Uart_T()
 .text._ZN5USBDM6Uart_TINS_9Uart0InfoEED0Ev
                0x000007d4       0x20 ./Startup_Code/console.o
                0x000007d4                USBDM::Uart_T<USBDM::Uart0Info>::~Uart_T()
 .text._ZN5USBDM6Uart_TINS_9Uart0InfoEE11setBaudRateEj
                0x000007f4       0x24 ./Startup_Code/console.o
                0x000007f4                USBDM::Uart_T<USBDM::Uart0Info>::setBaudRate(unsigned int)
 .text._ZN5USBDM6Uart_TINS_9Uart0InfoEEC2Ej
                0x00000818       0x4c ./Startup_Code/console.o
                0x00000818                USBDM::Uart_T<USBDM::Uart0Info>::Uart_T(unsigned int)
                0x00000818                USBDM::Uart_T<USBDM::Uart0Info>::Uart_T(unsigned int)
 .text._ZN5USBDM5Uart0D2Ev
                0x00000864       0x30 ./Startup_Code/console.o
                0x00000864                USBDM::Uart0::~Uart0()
                0x00000864                USBDM::Uart0::~Uart0()
 .text._ZN5USBDM5Uart0D0Ev
                0x00000894       0x20 ./Startup_Code/console.o
                0x00000894                USBDM::Uart0::~Uart0()
 .text._Z41__static_initialization_and_destruction_0ii
                0x000008b4       0x40 ./Startup_Code/console.o
 .text._ZN5USBDM6Uart_TINS_9Uart0InfoEE10clearErrorEv
                0x000008f4       0x18 ./Startup_Code/console.o
                0x000008f4                USBDM::Uart_T<USBDM::Uart0Info>::clearError()
 .text._GLOBAL__sub_I__ZN5USBDM7consoleE
                0x0000090c       0x10 ./Startup_Code/console.o
 .text.NVIC_EnableIRQ
                0x0000091c       0x30 ./Startup_Code/mcg.o
 .text.NVIC_DisableIRQ
                0x0000094c       0x34 ./Startup_Code/mcg.o
 .text.NVIC_SetPriority
                0x00000980       0x54 ./Startup_Code/mcg.o
 .text._ZN5USBDM8Osc0Info16getInternalClockEv
                0x000009d4       0x14 ./Startup_Code/mcg.o
                0x000009d4                USBDM::Osc0Info::getInternalClock()
 .text._ZN5USBDM8Osc0Info8initPCRsEm
                0x000009e8       0x48 ./Startup_Code/mcg.o
                0x000009e8                USBDM::Osc0Info::initPCRs(unsigned long)
 .text._ZN5USBDM7RtcInfo16getInternalClockEv
                0x00000a30       0x28 ./Startup_Code/mcg.o
                0x00000a30                USBDM::RtcInfo::getInternalClock()
 .text._ZN5USBDM7RtcInfo8initPCRsEm
                0x00000a58       0x14 ./Startup_Code/mcg.o
                0x00000a58                USBDM::RtcInfo::initPCRs(unsigned long)
 .text._ZN5USBDM7McgInfo11getErcClockEv
                0x00000a6c       0x30 ./Startup_Code/mcg.o
                0x00000a6c                USBDM::McgInfo::getErcClock()
 .text._ZN5USBDM7McgInfo19getInternalIrcClockEv
                0x00000a9c       0x48 ./Startup_Code/mcg.o
                0x00000a9c                USBDM::McgInfo::getInternalIrcClock()
 .text._ZN5USBDM7SimInfo8initRegsEv
                0x00000ae4       0x80 ./Startup_Code/mcg.o
                0x00000ae4                USBDM::SimInfo::initRegs()
 .text._ZN5USBDM3Mcg14setSysDividersEm
                0x00000b64       0x24 ./Startup_Code/mcg.o
                0x00000b64                USBDM::Mcg::setSysDividers(unsigned long)
 .text._ZN5USBDM3Mcg20enableNvicInterruptsEb
                0x00000b88       0x38 ./Startup_Code/mcg.o
                0x00000b88                USBDM::Mcg::enableNvicInterrupts(bool)
 .text._ZN5USBDM3Mcg15clockTransitionERKNS_7McgInfo9ClockInfoE
                0x00000bc0      0x2a8 ./Startup_Code/mcg.o
                0x00000bc0                USBDM::Mcg::clockTransition(USBDM::McgInfo::ClockInfo const&)
 .text._ZN5USBDM3Mcg21SystemCoreClockUpdateEv
                0x00000e68      0x26c ./Startup_Code/mcg.o
                0x00000e68                USBDM::Mcg::SystemCoreClockUpdate()
 .text._ZN5USBDM3Mcg10initialiseEv
                0x000010d4       0x28 ./Startup_Code/mcg.o
                0x000010d4                USBDM::Mcg::initialise()
 .text.clock_initialise
                0x000010fc       0x14 ./Startup_Code/mcg.o
                0x000010fc                clock_initialise
 .text._ZN5USBDM3OscINS_8Osc0InfoEE10initialiseEv
                0x00001110       0x18 ./Startup_Code/mcg.o
                0x00001110                USBDM::Osc<USBDM::Osc0Info>::initialise()
 .text._ZN5USBDM9RtcBase_TINS_7RtcInfoEE10initialiseEv
                0x00001128       0xa4 ./Startup_Code/mcg.o
                0x00001128                USBDM::RtcBase_T<USBDM::RtcInfo>::initialise()
 .text._exit    0x000011cc        0xc ./Startup_Code/newlib_stubs.o
                0x000011cc                _exit
 .text.__cxa_pure_virtual
                0x000011d8        0xc ./Startup_Code/system-gcc.o
                0x000011d8                __cxa_pure_virtual
 .text.rtc_initialise
                0x000011e4        0xc ./Startup_Code/system.o
                0x000011e4                rtc_initialise
 .text.software_init_hook
                0x000011f0        0xc ./Startup_Code/system.o
                0x000011f0                software_init_hook
 .text.SystemInitLowLevel
                0x000011fc       0x44 ./Startup_Code/system.o
                0x000011fc                SystemInitLowLevel
 .text.SystemInit
                0x00001240       0x14 ./Startup_Code/system.o
                0x00001240                SystemInit
 .text.Default_Handler
                0x00001254       0x20 ./Startup_Code/vectors.o
                0x00001254                RTC_Alarm_IRQHandler
                0x00001254                DebugMon_Handler
                0x00001254                I2C0_IRQHandler
                0x00001254                SysTick_Handler
                0x00001254                PendSV_Handler
                0x00001254                NMI_Handler
                0x00001254                UART0_RX_TX_IRQHandler
                0x00001254                DMA2_IRQHandler
                0x00001254                PIT0_IRQHandler
                0x00001254                LLWU_IRQHandler
                0x00001254                TSI0_IRQHandler
                0x00001254                UART2_RX_TX_IRQHandler
                0x00001254                SWI_IRQHandler
                0x00001254                ADC0_IRQHandler
                0x00001254                UsageFault_Handler
                0x00001254                I2S0_Tx_IRQHandler
                0x00001254                CMT_IRQHandler
                0x00001254                CMP1_IRQHandler
                0x00001254                PORTD_IRQHandler
                0x00001254                PORTB_IRQHandler
                0x00001254                PIT2_IRQHandler
                0x00001254                I2S0_Rx_IRQHandler
                0x00001254                PDB0_IRQHandler
                0x00001254                FTM1_IRQHandler
                0x00001254                PIT3_IRQHandler
                0x00001254                RTC_Seconds_IRQHandler
                0x00001254                MCG_IRQHandler
                0x00001254                UART2_ERR_IRQHandler
                0x00001254                Default_Handler
                0x00001254                USBDCD_IRQHandler
                0x00001254                USB0_IRQHandler
                0x00001254                MemManage_Handler
                0x00001254                SVC_Handler
                0x00001254                DMA3_IRQHandler
                0x00001254                UART0_LON_IRQHandler
                0x00001254                DMA0_IRQHandler
                0x00001254                FTF_ReadCollision_IRQHandler
                0x00001254                PMC_IRQHandler
                0x00001254                PIT1_IRQHandler
                0x00001254                UART0_ERR_IRQHandler
                0x00001254                DMA_Error_IRQHandler
                0x00001254                SPI0_IRQHandler
                0x00001254                FTM0_IRQHandler
                0x00001254                FTF_Command_IRQHandler
                0x00001254                PORTA_IRQHandler
                0x00001254                PORTE_IRQHandler
                0x00001254                WDOG_IRQHandler
                0x00001254                LPTMR0_IRQHandler
                0x00001254                BusFault_Handler
                0x00001254                UART1_ERR_IRQHandler
                0x00001254                UART1_RX_TX_IRQHandler
                0x00001254                CMP0_IRQHandler
                0x00001254                PORTC_IRQHandler
                0x00001254                DMA1_IRQHandler
 .text.HardFault_Handler
                0x00001274       0x14 ./Startup_Code/vectors.o
                0x00001274                HardFault_Handler
 .text._HardFault_Handler
                0x00001288        0x4 ./Startup_Code/vectors.o
                0x00001288                _HardFault_Handler
 .text.main     0x0000128c       0x20 ./Sources/main.o
                0x0000128c                main
 .text._ZdlPv   0x000012ac        0x8 c:/freescale/kds_v3/toolchain/bin/../lib/gcc/arm-none-eabi/4.8.4/../../../../arm-none-eabi/lib/armv7e-m\libstdc++_s.a(del_op.o)
                0x000012ac                operator delete(void*)
 .text.__aeabi_atexit
                0x000012b4        0xa c:/freescale/kds_v3/toolchain/bin/../lib/gcc/arm-none-eabi/4.8.4/../../../../arm-none-eabi/lib/armv7e-m\libstdc++_s.a(atexit_arm.o)
                0x000012b4                __aeabi_atexit
 *fill*         0x000012be        0x2 
 .text.__cxa_atexit
                0x000012c0       0x20 c:/freescale/kds_v3/toolchain/bin/../lib/gcc/arm-none-eabi/4.8.4/../../../../arm-none-eabi/lib/armv7e-m\libg_s.a(lib_a-cxa_atexit.o)
                0x000012c0                __cxa_atexit
 .text.exit     0x000012e0       0x28 c:/freescale/kds_v3/toolchain/bin/../lib/gcc/arm-none-eabi/4.8.4/../../../../arm-none-eabi/lib/armv7e-m\libg_s.a(lib_a-exit.o)
                0x000012e0                exit
 .text.__libc_init_array
                0x00001308       0x4c c:/freescale/kds_v3/toolchain/bin/../lib/gcc/arm-none-eabi/4.8.4/../../../../arm-none-eabi/lib/armv7e-m\libg_s.a(lib_a-init.o)
                0x00001308                __libc_init_array
 .text.free     0x00001354       0x10 c:/freescale/kds_v3/toolchain/bin/../lib/gcc/arm-none-eabi/4.8.4/../../../../arm-none-eabi/lib/armv7e-m\libg_s.a(lib_a-malloc.o)
                0x00001354                free
 .text.memset   0x00001364       0x10 c:/freescale/kds_v3/toolchain/bin/../lib/gcc/arm-none-eabi/4.8.4/../../../../arm-none-eabi/lib/armv7e-m\libg_s.a(lib_a-memset.o)
                0x00001364                memset
 .text._free_r  0x00001374       0x88 c:/freescale/kds_v3/toolchain/bin/../lib/gcc/arm-none-eabi/4.8.4/../../../../arm-none-eabi/lib/armv7e-m\libg_s.a(lib_a-nano-freer.o)
                0x00001374                _free_r
 .text.initialise_monitor_handles
                0x000013fc       0x9c c:/freescale/kds_v3/toolchain/bin/../lib/gcc/arm-none-eabi/4.8.4/../../../../arm-none-eabi/lib/armv7e-m\librdimon_s.a(rdimon-syscalls.o)
                0x000013fc                initialise_monitor_handles
 *(.rodata)
 *(.rodata*)
 .rodata._ZTVN5USBDM5Uart0E
                0x00001498       0x18 ./Startup_Code/console.o
                0x00001498                vtable for USBDM::Uart0
 .rodata._ZTVN5USBDM9UartIrq_TINS_9Uart0InfoEEE
                0x000014b0       0x18 ./Startup_Code/console.o
                0x000014b0                vtable for USBDM::UartIrq_T<USBDM::Uart0Info>
 .rodata._ZTVN5USBDM6Uart_TINS_9Uart0InfoEEE
                0x000014c8       0x18 ./Startup_Code/console.o
                0x000014c8                vtable for USBDM::Uart_T<USBDM::Uart0Info>
 .rodata._ZTVN5USBDM4UartE
                0x000014e0       0x18 ./Startup_Code/console.o
                0x000014e0                vtable for USBDM::Uart
 .rodata._ZN5USBDM7McgInfo9clockInfoE
                0x000014f8        0xc ./Startup_Code/mcg.o
                0x000014f8                USBDM::McgInfo::clockInfo
 .rodata._ZN5USBDML20clockTransitionTableE
                0x00001504       0x40 ./Startup_Code/mcg.o
 .rodata.str1.1
                0x00001544        0x2 c:/freescale/kds_v3/toolchain/bin/../lib/gcc/arm-none-eabi/4.8.4/../../../../arm-none-eabi/lib/armv7e-m\libg_s.a(lib_a-impure.o)
 *fill*         0x00001546        0x2 
 .rodata._global_impure_ptr
                0x00001548        0x4 c:/freescale/kds_v3/toolchain/bin/../lib/gcc/arm-none-eabi/4.8.4/../../../../arm-none-eabi/lib/armv7e-m\libg_s.a(lib_a-impure.o)
                0x00001548                _global_impure_ptr
 .rodata.__sf_fake_stdin
                0x0000154c       0x20 c:/freescale/kds_v3/toolchain/bin/../lib/gcc/arm-none-eabi/4.8.4/../../../../arm-none-eabi/lib/armv7e-m\libg_s.a(lib_a-findfp.o)
                0x0000154c                __sf_fake_stdin
 .rodata.__sf_fake_stdout
                0x0000156c       0x20 c:/freescale/kds_v3/toolchain/bin/../lib/gcc/arm-none-eabi/4.8.4/../../../../arm-none-eabi/lib/armv7e-m\libg_s.a(lib_a-findfp.o)
                0x0000156c                __sf_fake_stdout
 .rodata.__sf_fake_stderr
                0x0000158c       0x20 c:/freescale/kds_v3/toolchain/bin/../lib/gcc/arm-none-eabi/4.8.4/../../../../arm-none-eabi/lib/armv7e-m\libg_s.a(lib_a-findfp.o)
                0x0000158c                __sf_fake_stderr
 .rodata.str1.1
                0x000015ac        0x4 c:/freescale/kds_v3/toolchain/bin/../lib/gcc/arm-none-eabi/4.8.4/../../../../arm-none-eabi/lib/armv7e-m\librdimon_s.a(rdimon-syscalls.o)
 *(.init)
 .init          0x000015b0        0x4 c:/freescale/kds_v3/toolchain/bin/../lib/gcc/arm-none-eabi/4.8.4/armv7e-m/crti.o
                0x000015b0                _init
 .init          0x000015b4        0x8 c:/freescale/kds_v3/toolchain/bin/../lib/gcc/arm-none-eabi/4.8.4/armv7e-m/crtn.o
 *(.fini)
 .fini          0x000015bc        0x4 c:/freescale/kds_v3/toolchain/bin/../lib/gcc/arm-none-eabi/4.8.4/armv7e-m/crti.o
                0x000015bc                _fini
 .fini          0x000015c0        0x8 c:/freescale/kds_v3/toolchain/bin/../lib/gcc/arm-none-eabi/4.8.4/armv7e-m/crtn.o
                0x000015c8                __CTOR_LIST__ = .
 *crtbegin.o(.ctors)
 *crtbegin?.o(.ctors)
 *(EXCLUDE_FILE(*crtend.o *crtend?.o) .ctors)
 *(SORT(.ctors.*))
 *(.ctors)
                0x000015c8                __CTOR_END__ = .
                0x000015c8                __DTOR_LIST__ = .
 *crtbegin.o(.dtors)
 *crtbegin?.o(.dtors)
 *(EXCLUDE_FILE(*crtend.o *crtend?.o) .dtors)
 *(SORT(.dtors.*))
 *(.dtors)
                0x000015c8                __DTOR_END__ = .
                0x000015c8                . = ALIGN (0x4)
                0x000015c8                PROVIDE (__preinit_array_start, .)
 *(.preinit_array*)
                0x000015c8                PROVIDE (__preinit_array_end, .)
                0x000015c8                . = ALIGN (0x4)
                0x000015c8                PROVIDE (__init_array_start, .)
 *(SORT(.init_array.*))
 *(.init_array*)
 .init_array    0x000015c8        0x4 c:/freescale/kds_v3/toolchain/bin/../lib/gcc/arm-none-eabi/4.8.4/armv7e-m/crtbegin.o
 .init_array    0x000015cc        0x4 ./Startup_Code/console.o
 .init_array    0x000015d0        0x4 ./Startup_Code/system.o
                0x000015d4                PROVIDE (__init_array_end, .)
                0x000015d4                . = ALIGN (0x4)
                0x000015d4                PROVIDE (__fini_array_start, .)
 *(SORT(.fini_array.*))
 *(.fini_array*)
 .fini_array    0x000015d4        0x4 c:/freescale/kds_v3/toolchain/bin/../lib/gcc/arm-none-eabi/4.8.4/armv7e-m/crtbegin.o
                0x000015d8                PROVIDE (__fini_array_end, .)
 *(.jcr*)
 .jcr           0x000015d8        0x0 c:/freescale/kds_v3/toolchain/bin/../lib/gcc/arm-none-eabi/4.8.4/armv7e-m/crtbegin.o
 .jcr           0x000015d8        0x4 c:/freescale/kds_v3/toolchain/bin/../lib/gcc/arm-none-eabi/4.8.4/armv7e-m/crtend.o
 *(.rodata*)
 *(.eh_frame*)
 .eh_frame      0x000015dc        0x0 c:/freescale/kds_v3/toolchain/bin/../lib/gcc/arm-none-eabi/4.8.4/armv7e-m/crtbegin.o
 .eh_frame      0x000015dc        0x4 c:/freescale/kds_v3/toolchain/bin/../lib/gcc/arm-none-eabi/4.8.4/armv7e-m/crtend.o

.glue_7         0x000015e0        0x0
 .glue_7        0x00000000        0x0 linker stubs

.glue_7t        0x000015e0        0x0
 .glue_7t       0x00000000        0x0 linker stubs

.vfp11_veneer   0x000015e0        0x0
 .vfp11_veneer  0x00000000        0x0 linker stubs

.v4_bx          0x000015e0        0x0
 .v4_bx         0x00000000        0x0 linker stubs

.iplt           0x000015e0        0x0
 .iplt          0x00000000        0x0 c:/freescale/kds_v3/toolchain/bin/../lib/gcc/arm-none-eabi/4.8.4/armv7e-m/crtbegin.o

.ARM.extab
 *(.ARM.extab* .gnu.linkonce.armextab.*)
                0x000015e0                __exidx_start = .

.ARM.exidx      0x000015e0        0x8
 *(.ARM.exidx* .gnu.linkonce.armexidx.*)
 .ARM.exidx     0x000015e0        0x8 c:/freescale/kds_v3/toolchain/bin/../lib/gcc/arm-none-eabi/4.8.4/../../../../arm-none-eabi/lib/armv7e-m/rdimon-crt0.o
                0x000015e8                __exidx_end = .
                0x000015e8                __etext = .
                0x000015e8                __DATA_ROM = .

.rel.dyn        0x000015e8        0x0
 .rel.iplt      0x00000000        0x0 c:/freescale/kds_v3/toolchain/bin/../lib/gcc/arm-none-eabi/4.8.4/armv7e-m/crtbegin.o

.flash          0x000015e8        0x0
                0x000015e8                . = ALIGN (0x4)
 *(.flash)

.mtb            0x1fffe000        0x0
                0x1fffe000                . = ALIGN (0x8)
                0x1fffe000                _mtb_start = .
 *(.mtb_buf)
                0x1fffe000                . = ALIGN (0x8)
                0x1fffe000                _mtb_end = .

.interrupts_ram
                0x1fffe000        0x0
                0x1fffe000                . = ALIGN (0x4)
                0x1fffe000                __VECTOR_RAM__ = .
                0x1fffe000                __interrupts_ram_start__ = .
 *(.m_interrupts_ram)
                0x1fffe000                . = (. + M_VECTOR_RAM_SIZE)
                0x1fffe000                . = ALIGN (0x4)
                0x1fffe000                __interrupts_ram_end__ = .
                0x00000000                __VECTOR_RAM = DEFINED (__ram_vector_table__)?__VECTOR_RAM__:__VECTOR_TABLE
                0x00000000                __RAM_VECTOR_TABLE_SIZE_BYTES = (__interrupts_ram_end__ - __interrupts_ram_start__)

.data           0x1fffe000      0x180 load address 0x000015e8
                0x1fffe000                __data_start__ = .
                0x1fffe000                __DATA_RAM = .
 *(vtable)
 *(.data*)
 .data          0x1fffe000        0x4 c:/freescale/kds_v3/toolchain/bin/../lib/gcc/arm-none-eabi/4.8.4/armv7e-m/crtbegin.o
                0x1fffe000                __dso_handle
 .data          0x1fffe004      0x110 c:/freescale/kds_v3/toolchain/bin/../lib/gcc/arm-none-eabi/4.8.4/../../../../arm-none-eabi/lib/armv7e-m/rdimon-crt0.o
                0x1fffe00c                __stack_base__
 .data.SystemCoreClock
                0x1fffe114        0x4 ./Startup_Code/system.o
                0x1fffe114                SystemCoreClock
 .data.SystemBusClock
                0x1fffe118        0x4 ./Startup_Code/system.o
                0x1fffe118                SystemBusClock
 .data.impure_data
                0x1fffe11c       0x60 c:/freescale/kds_v3/toolchain/bin/../lib/gcc/arm-none-eabi/4.8.4/../../../../arm-none-eabi/lib/armv7e-m\libg_s.a(lib_a-impure.o)
 .data._impure_ptr
                0x1fffe17c        0x4 c:/freescale/kds_v3/toolchain/bin/../lib/gcc/arm-none-eabi/4.8.4/../../../../arm-none-eabi/lib/armv7e-m\libg_s.a(lib_a-impure.o)
                0x1fffe17c                _impure_ptr
                0x1fffe180                . = ALIGN (0x4)
                0x1fffe180                __data_end__ = .
                0x00001768                __DATA_END = (__DATA_ROM + SIZEOF (.data))

.igot.plt       0x1fffe180        0x0 load address 0x00001768
 .igot.plt      0x00000000        0x0 c:/freescale/kds_v3/toolchain/bin/../lib/gcc/arm-none-eabi/4.8.4/armv7e-m/crtbegin.o

.bss            0x1fffe180       0xf8 load address 0x00001768
                0x1fffe180                . = ALIGN (0x4)
                0x1fffe180                __START_BSS = .
                0x1fffe180                __bss_start__ = .
 *(.bss)
 .bss           0x1fffe180       0x1c c:/freescale/kds_v3/toolchain/bin/../lib/gcc/arm-none-eabi/4.8.4/armv7e-m/crtbegin.o
 *(.bss*)
 .bss._ZN5USBDM7consoleE
                0x1fffe19c        0x8 ./Startup_Code/console.o
                0x1fffe19c                USBDM::console
 .bss._ZN5USBDM16SystemMcgffClockE
                0x1fffe1a4        0x4 ./Startup_Code/mcg.o
                0x1fffe1a4                USBDM::SystemMcgffClock
 .bss._ZN5USBDM17SystemMcgOutClockE
                0x1fffe1a8        0x4 ./Startup_Code/mcg.o
                0x1fffe1a8                USBDM::SystemMcgOutClock
 .bss._ZN5USBDM17SystemMcgFllClockE
                0x1fffe1ac        0x4 ./Startup_Code/mcg.o
                0x1fffe1ac                USBDM::SystemMcgFllClock
 .bss._ZN5USBDM17SystemMcgPllClockE
                0x1fffe1b0        0x4 ./Startup_Code/mcg.o
                0x1fffe1b0                USBDM::SystemMcgPllClock
 .bss._ZN5USBDM15SystemCoreClockE
                0x1fffe1b4        0x4 ./Startup_Code/mcg.o
                0x1fffe1b4                USBDM::SystemCoreClock
 .bss._ZN5USBDM14SystemBusClockE
                0x1fffe1b8        0x4 ./Startup_Code/mcg.o
                0x1fffe1b8                USBDM::SystemBusClock
 .bss._ZN5USBDM14SystemLpoClockE
                0x1fffe1bc        0x4 ./Startup_Code/mcg.o
                0x1fffe1bc                USBDM::SystemLpoClock
 .bss._ZN5USBDM3Mcg16currentClockModeE
                0x1fffe1c0        0x1 ./Startup_Code/mcg.o
                0x1fffe1c0                USBDM::Mcg::currentClockMode
 *fill*         0x1fffe1c1        0x3 
 .bss._ZL11currentTime
                0x1fffe1c4        0x4 ./Sources/main.o
 .bss.__malloc_free_list
                0x1fffe1c8        0x4 c:/freescale/kds_v3/toolchain/bin/../lib/gcc/arm-none-eabi/4.8.4/../../../../arm-none-eabi/lib/armv7e-m\libg_s.a(lib_a-nano-mallocr.o)
                0x1fffe1c8                __malloc_free_list
 .bss.monitor_stdout
                0x1fffe1cc        0x4 c:/freescale/kds_v3/toolchain/bin/../lib/gcc/arm-none-eabi/4.8.4/../../../../arm-none-eabi/lib/armv7e-m\librdimon_s.a(rdimon-syscalls.o)
 .bss.monitor_stdin
                0x1fffe1d0        0x4 c:/freescale/kds_v3/toolchain/bin/../lib/gcc/arm-none-eabi/4.8.4/../../../../arm-none-eabi/lib/armv7e-m\librdimon_s.a(rdimon-syscalls.o)
 .bss.monitor_stderr
                0x1fffe1d4        0x4 c:/freescale/kds_v3/toolchain/bin/../lib/gcc/arm-none-eabi/4.8.4/../../../../arm-none-eabi/lib/armv7e-m\librdimon_s.a(rdimon-syscalls.o)
 .bss.openfiles
                0x1fffe1d8       0xa0 c:/freescale/kds_v3/toolchain/bin/../lib/gcc/arm-none-eabi/4.8.4/../../../../arm-none-eabi/lib/armv7e-m\librdimon_s.a(rdimon-syscalls.o)
 *(COMMON)
                0x1fffe278                . = ALIGN (0x4)
                0x1fffe278                __bss_end__ = .
                0x1fffe278                __END_BSS = .

.heap           0x1fffe278     0x1000 load address 0x00001860
                0x1fffe278                . = ALIGN (0x4)
                0x1fffe278                PROVIDE (__end__, .)
                0x1fffe278                PROVIDE (end, .)
                0x1fffe278                PROVIDE (_end, .)
                0x1fffe278                __HeapBase = .
                0x1fffe278                __heap_addr = .
                0x1ffff278                . = (. + __heap_size__)
 *fill*         0x1fffe278     0x1000 

.flexRAM        0x14000000        0x0
                0x14000000                . = ALIGN (0x4)
 *(.flexRAM)

.flexNVM        0x10000000        0x0
                0x10000000                . = ALIGN (0x4)
 *(.flexNVM)
                0x00000000                PROVIDE (__sram_u_size, 0x0)

.stack          0x1ffff278     0x2d88 load address 0x00002860
                0x20000ffd                . = MAX (., ABSOLUTE (((((ORIGIN (ram) + 0x4000) - __stack_size__) - __sram_u_size) - 0x3)))
 *fill*         0x1ffff278     0x1d85 
                0x20001000                . = ALIGN (0x4)
 *fill*         0x20000ffd        0x3 
                0x20001000                __HeapLimit = .
                0x20001000                __StackLimit = .
                0x20002000                . = (. + __stack_size__)
 *fill*         0x20001000     0x1000 
                0x20002000                __StackTop = .

.sram_u
 *(.sram_u)

.bitband        0x22000000    0x40000
                0x00040000                . = (ORIGIN (bitband) + ((((ORIGIN (ram) + 0x4000) - __sram_u_size) & 0xffffff) * 0x20))
 *fill*         0x22000000    0x40000 
 *(.bitband)
                0x20002000                PROVIDE (__stack, __StackTop)
                0x20002000                PROVIDE (__cs3_stack, __StackTop)
                0x00000000                PROVIDE (_write, _usbdm_write)
                0x00000000                PROVIDE (_read, _usbdm_read)
OUTPUT(main-project.elf elf32-littlearm)

.ARM.attributes
                0x00000000       0x2a
 .ARM.attributes
                0x00000000       0x1e c:/freescale/kds_v3/toolchain/bin/../lib/gcc/arm-none-eabi/4.8.4/armv7e-m/crti.o
 .ARM.attributes
                0x0000001e       0x2e c:/freescale/kds_v3/toolchain/bin/../lib/gcc/arm-none-eabi/4.8.4/armv7e-m/crtbegin.o
 .ARM.attributes
                0x0000004c       0x1c c:/freescale/kds_v3/toolchain/bin/../lib/gcc/arm-none-eabi/4.8.4/../../../../arm-none-eabi/lib/armv7e-m/rdimon-crt0.o
 .ARM.attributes
                0x00000068       0x33 ./Startup_Code/console.o
 .ARM.attributes
                0x0000009b       0x33 ./Startup_Code/mcg.o
 .ARM.attributes
                0x000000ce       0x33 ./Startup_Code/newlib_stubs.o
 .ARM.attributes
                0x00000101       0x33 ./Startup_Code/security.o
 .ARM.attributes
                0x00000134       0x1b ./Startup_Code/startup_ARMLtdGCC.o
 .ARM.attributes
                0x0000014f       0x33 ./Startup_Code/system-gcc.o
 .ARM.attributes
                0x00000182       0x33 ./Startup_Code/system.o
 .ARM.attributes
                0x000001b5       0x33 ./Startup_Code/vectors.o
 .ARM.attributes
                0x000001e8       0x33 ./Sources/main.o
 .ARM.attributes
                0x0000021b       0x2e c:/freescale/kds_v3/toolchain/bin/../lib/gcc/arm-none-eabi/4.8.4/../../../../arm-none-eabi/lib/armv7e-m\libstdc++_s.a(del_op.o)
 .ARM.attributes
                0x00000249       0x2e c:/freescale/kds_v3/toolchain/bin/../lib/gcc/arm-none-eabi/4.8.4/../../../../arm-none-eabi/lib/armv7e-m\libstdc++_s.a(atexit_arm.o)
 .ARM.attributes
                0x00000277       0x2e c:/freescale/kds_v3/toolchain/bin/../lib/gcc/arm-none-eabi/4.8.4/../../../../arm-none-eabi/lib/armv7e-m\libg_s.a(lib_a-cxa_atexit.o)
 .ARM.attributes
                0x000002a5       0x2e c:/freescale/kds_v3/toolchain/bin/../lib/gcc/arm-none-eabi/4.8.4/../../../../arm-none-eabi/lib/armv7e-m\libg_s.a(lib_a-exit.o)
 .ARM.attributes
                0x000002d3       0x2e c:/freescale/kds_v3/toolchain/bin/../lib/gcc/arm-none-eabi/4.8.4/../../../../arm-none-eabi/lib/armv7e-m\libg_s.a(lib_a-impure.o)
 .ARM.attributes
                0x00000301       0x2e c:/freescale/kds_v3/toolchain/bin/../lib/gcc/arm-none-eabi/4.8.4/../../../../arm-none-eabi/lib/armv7e-m\libg_s.a(lib_a-init.o)
 .ARM.attributes
                0x0000032f       0x2e c:/freescale/kds_v3/toolchain/bin/../lib/gcc/arm-none-eabi/4.8.4/../../../../arm-none-eabi/lib/armv7e-m\libg_s.a(lib_a-malloc.o)
 .ARM.attributes
                0x0000035d       0x2e c:/freescale/kds_v3/toolchain/bin/../lib/gcc/arm-none-eabi/4.8.4/../../../../arm-none-eabi/lib/armv7e-m\libg_s.a(lib_a-memset.o)
 .ARM.attributes
                0x0000038b       0x2e c:/freescale/kds_v3/toolchain/bin/../lib/gcc/arm-none-eabi/4.8.4/../../../../arm-none-eabi/lib/armv7e-m\libg_s.a(lib_a-nano-freer.o)
 .ARM.attributes
                0x000003b9       0x2e c:/freescale/kds_v3/toolchain/bin/../lib/gcc/arm-none-eabi/4.8.4/../../../../arm-none-eabi/lib/armv7e-m\libg_s.a(lib_a-nano-mallocr.o)
 .ARM.attributes
                0x000003e7       0x2e c:/freescale/kds_v3/toolchain/bin/../lib/gcc/arm-none-eabi/4.8.4/../../../../arm-none-eabi/lib/armv7e-m\libg_s.a(lib_a-findfp.o)
 .ARM.attributes
                0x00000415       0x2e c:/freescale/kds_v3/toolchain/bin/../lib/gcc/arm-none-eabi/4.8.4/../../../../arm-none-eabi/lib/armv7e-m\librdimon_s.a(rdimon-syscalls.o)
 .ARM.attributes
                0x00000443       0x2e c:/freescale/kds_v3/toolchain/bin/../lib/gcc/arm-none-eabi/4.8.4/armv7e-m/crtend.o
 .ARM.attributes
                0x00000471       0x1e c:/freescale/kds_v3/toolchain/bin/../lib/gcc/arm-none-eabi/4.8.4/armv7e-m/crtn.o

.comment        0x00000000       0x70
 .comment       0x00000000       0x70 ./Startup_Code/console.o
                                 0x71 (size before relaxing)
 .comment       0x00000000       0x71 ./Startup_Code/mcg.o
 .comment       0x00000000       0x71 ./Startup_Code/newlib_stubs.o
 .comment       0x00000000       0x71 ./Startup_Code/security.o
 .comment       0x00000000       0x71 ./Startup_Code/system-gcc.o
 .comment       0x00000000       0x71 ./Startup_Code/system.o
 .comment       0x00000000       0x71 ./Startup_Code/vectors.o
 .comment       0x00000000       0x71 ./Sources/main.o

.debug_info     0x00000000     0x6ec7
 .debug_info    0x00000000     0x2774 ./Startup_Code/console.o
 .debug_info    0x00002774     0x1d6c ./Startup_Code/mcg.o
 .debug_info    0x000044e0      0x6cb ./Startup_Code/newlib_stubs.o
 .debug_info    0x00004bab      0x152 ./Startup_Code/security.o
 .debug_info    0x00004cfd       0x76 ./Startup_Code/startup_ARMLtdGCC.o
 .debug_info    0x00004d73      0x875 ./Startup_Code/system-gcc.o
 .debug_info    0x000055e8      0x501 ./Startup_Code/system.o
 .debug_info    0x00005ae9      0xaf3 ./Startup_Code/vectors.o
 .debug_info    0x000065dc      0x8eb ./Sources/main.o

.debug_abbrev   0x00000000     0x17f4
 .debug_abbrev  0x00000000      0x748 ./Startup_Code/console.o
 .debug_abbrev  0x00000748      0x656 ./Startup_Code/mcg.o
 .debug_abbrev  0x00000d9e      0x198 ./Startup_Code/newlib_stubs.o
 .debug_abbrev  0x00000f36       0x94 ./Startup_Code/security.o
 .debug_abbrev  0x00000fca       0x14 ./Startup_Code/startup_ARMLtdGCC.o
 .debug_abbrev  0x00000fde      0x1d8 ./Startup_Code/system-gcc.o
 .debug_abbrev  0x000011b6      0x1e7 ./Startup_Code/system.o
 .debug_abbrev  0x0000139d      0x271 ./Startup_Code/vectors.o
 .debug_abbrev  0x0000160e      0x1e6 ./Sources/main.o

.debug_aranges  0x00000000      0x378
 .debug_aranges
                0x00000000       0xe0 ./Startup_Code/console.o
 .debug_aranges
                0x000000e0       0xb8 ./Startup_Code/mcg.o
 .debug_aranges
                0x00000198       0xb8 ./Startup_Code/newlib_stubs.o
 .debug_aranges
                0x00000250       0x18 ./Startup_Code/security.o
 .debug_aranges
                0x00000268       0x20 ./Startup_Code/startup_ARMLtdGCC.o
 .debug_aranges
                0x00000288       0x30 ./Startup_Code/system-gcc.o
 .debug_aranges
                0x000002b8       0x68 ./Startup_Code/system.o
 .debug_aranges
                0x00000320       0x30 ./Startup_Code/vectors.o
 .debug_aranges
                0x00000350       0x28 ./Sources/main.o

.debug_ranges   0x00000000      0x2d0
 .debug_ranges  0x00000000       0xd0 ./Startup_Code/console.o
 .debug_ranges  0x000000d0       0xa8 ./Startup_Code/mcg.o
 .debug_ranges  0x00000178       0xa8 ./Startup_Code/newlib_stubs.o
 .debug_ranges  0x00000220       0x20 ./Startup_Code/system-gcc.o
 .debug_ranges  0x00000240       0x58 ./Startup_Code/system.o
 .debug_ranges  0x00000298       0x20 ./Startup_Code/vectors.o
 .debug_ranges  0x000002b8       0x18 ./Sources/main.o

.debug_macro    0x00000000     0xe177
 .debug_macro   0x00000000      0x2e6 ./Startup_Code/console.o
 .debug_macro   0x000002e6      0x86e ./Startup_Code/console.o
 .debug_macro   0x00000b54       0x1c ./Startup_Code/console.o
 .debug_macro   0x00000b70       0x16 ./Startup_Code/console.o
 .debug_macro   0x00000b86       0x44 ./Startup_Code/console.o
 .debug_macro   0x00000bca      0x209 ./Startup_Code/console.o
 .debug_macro   0x00000dd3       0x2e ./Startup_Code/console.o
 .debug_macro   0x00000e01       0x3b ./Startup_Code/console.o
 .debug_macro   0x00000e3c       0x50 ./Startup_Code/console.o
 .debug_macro   0x00000e8c      0xbc6 ./Startup_Code/console.o
 .debug_macro   0x00001a52     0x7d47 ./Startup_Code/console.o
 .debug_macro   0x00009799      0x174 ./Startup_Code/console.o
 .debug_macro   0x0000990d       0x58 ./Startup_Code/console.o
 .debug_macro   0x00009965       0x35 ./Startup_Code/console.o
 .debug_macro   0x0000999a       0xa3 ./Startup_Code/console.o
 .debug_macro   0x00009a3d       0x16 ./Startup_Code/console.o
 .debug_macro   0x00009a53      0x129 ./Startup_Code/console.o
 .debug_macro   0x00009b7c       0x2b ./Startup_Code/console.o
 .debug_macro   0x00009ba7       0xee ./Startup_Code/console.o
 .debug_macro   0x00009c95       0x1c ./Startup_Code/console.o
 .debug_macro   0x00009cb1       0xef ./Startup_Code/console.o
 .debug_macro   0x00009da0      0x329 ./Startup_Code/console.o
 .debug_macro   0x0000a0c9       0x10 ./Startup_Code/console.o
 .debug_macro   0x0000a0d9       0x16 ./Startup_Code/console.o
 .debug_macro   0x0000a0ef       0x52 ./Startup_Code/console.o
 .debug_macro   0x0000a141       0x16 ./Startup_Code/console.o
 .debug_macro   0x0000a157       0x43 ./Startup_Code/console.o
 .debug_macro   0x0000a19a      0x180 ./Startup_Code/console.o
 .debug_macro   0x0000a31a      0x1da ./Startup_Code/console.o
 .debug_macro   0x0000a4f4       0xee ./Startup_Code/console.o
 .debug_macro   0x0000a5e2       0x1c ./Startup_Code/console.o
 .debug_macro   0x0000a5fe       0x1c ./Startup_Code/console.o
 .debug_macro   0x0000a61a       0x35 ./Startup_Code/console.o
 .debug_macro   0x0000a64f       0x10 ./Startup_Code/console.o
 .debug_macro   0x0000a65f       0x10 ./Startup_Code/console.o
 .debug_macro   0x0000a66f       0x22 ./Startup_Code/console.o
 .debug_macro   0x0000a691       0xbd ./Startup_Code/console.o
 .debug_macro   0x0000a74e       0x16 ./Startup_Code/console.o
 .debug_macro   0x0000a764      0x16c ./Startup_Code/console.o
 .debug_macro   0x0000a8d0      0x100 ./Startup_Code/console.o
 .debug_macro   0x0000a9d0      0x2cd ./Startup_Code/mcg.o
 .debug_macro   0x0000ac9d       0x4a ./Startup_Code/mcg.o
 .debug_macro   0x0000ace7      0x2ad ./Startup_Code/mcg.o
 .debug_macro   0x0000af94       0x10 ./Startup_Code/mcg.o
 .debug_macro   0x0000afa4       0x1f ./Startup_Code/mcg.o
 .debug_macro   0x0000afc3      0x20f ./Startup_Code/mcg.o
 .debug_macro   0x0000b1d2       0x8e ./Startup_Code/mcg.o
 .debug_macro   0x0000b260       0x28 ./Startup_Code/mcg.o
 .debug_macro   0x0000b288      0x142 ./Startup_Code/newlib_stubs.o
 .debug_macro   0x0000b3ca      0x862 ./Startup_Code/newlib_stubs.o
 .debug_macro   0x0000bc2c       0x10 ./Startup_Code/newlib_stubs.o
 .debug_macro   0x0000bc3c       0xa3 ./Startup_Code/newlib_stubs.o
 .debug_macro   0x0000bcdf      0x16d ./Startup_Code/newlib_stubs.o
 .debug_macro   0x0000be4c       0x43 ./Startup_Code/newlib_stubs.o
 .debug_macro   0x0000be8f      0x23b ./Startup_Code/newlib_stubs.o
 .debug_macro   0x0000c0ca       0x10 ./Startup_Code/newlib_stubs.o
 .debug_macro   0x0000c0da       0x35 ./Startup_Code/newlib_stubs.o
 .debug_macro   0x0000c10f       0x10 ./Startup_Code/newlib_stubs.o
 .debug_macro   0x0000c11f       0x10 ./Startup_Code/newlib_stubs.o
 .debug_macro   0x0000c12f       0x2e ./Startup_Code/newlib_stubs.o
 .debug_macro   0x0000c15d      0x120 ./Startup_Code/newlib_stubs.o
 .debug_macro   0x0000c27d       0x16 ./Startup_Code/newlib_stubs.o
 .debug_macro   0x0000c293      0x48e ./Startup_Code/newlib_stubs.o
 .debug_macro   0x0000c721      0x183 ./Startup_Code/security.o
 .debug_macro   0x0000c8a4      0x283 ./Startup_Code/security.o
 .debug_macro   0x0000cb27       0x34 ./Startup_Code/security.o
 .debug_macro   0x0000cb5b      0xbc6 ./Startup_Code/security.o
 .debug_macro   0x0000d721      0x27f ./Startup_Code/system-gcc.o
 .debug_macro   0x0000d9a0       0x16 ./Startup_Code/system-gcc.o
 .debug_macro   0x0000d9b6      0x10e ./Startup_Code/system-gcc.o
 .debug_macro   0x0000dac4       0x8d ./Startup_Code/system-gcc.o
 .debug_macro   0x0000db51       0x16 ./Startup_Code/system-gcc.o
 .debug_macro   0x0000db67       0x29 ./Startup_Code/system-gcc.o
 .debug_macro   0x0000db90       0xa4 ./Startup_Code/system.o
 .debug_macro   0x0000dc34      0x296 ./Startup_Code/vectors.o
 .debug_macro   0x0000deca      0x2ad ./Sources/main.o

.debug_line     0x00000000     0x2b18
 .debug_line    0x00000000      0x7b6 ./Startup_Code/console.o
 .debug_line    0x000007b6      0x8bb ./Startup_Code/mcg.o
 .debug_line    0x00001071      0x3cb ./Startup_Code/newlib_stubs.o
 .debug_line    0x0000143c      0x2e9 ./Startup_Code/security.o
 .debug_line    0x00001725       0x74 ./Startup_Code/startup_ARMLtdGCC.o
 .debug_line    0x00001799      0x566 ./Startup_Code/system-gcc.o
 .debug_line    0x00001cff      0x2e8 ./Startup_Code/system.o
 .debug_line    0x00001fe7      0x5c2 ./Startup_Code/vectors.o
 .debug_line    0x000025a9      0x56f ./Sources/main.o

.debug_str      0x00000000    0x3d6cd
 .debug_str     0x00000000    0x395ee ./Startup_Code/console.o
                              0x39996 (size before relaxing)
 .debug_str     0x000395ee     0x1f31 ./Startup_Code/mcg.o
                              0x39f79 (size before relaxing)
 .debug_str     0x0003b51f     0x1b16 ./Startup_Code/newlib_stubs.o
                               0x6249 (size before relaxing)
 .debug_str     0x0003d035      0x22b ./Startup_Code/security.o
                              0x35a99 (size before relaxing)
 .debug_str     0x0003d260      0x172 ./Startup_Code/system-gcc.o
                              0x37cc6 (size before relaxing)
 .debug_str     0x0003d3d2      0x168 ./Startup_Code/system.o
                              0x336e2 (size before relaxing)
 .debug_str     0x0003d53a       0xdf ./Startup_Code/vectors.o
                              0x38c1f (size before relaxing)
 .debug_str     0x0003d619       0xb4 ./Sources/main.o
                              0x3873f (size before relaxing)

.debug_frame    0x00000000      0xf34
 .debug_frame   0x00000000      0x30c ./Startup_Code/console.o
 .debug_frame   0x0000030c      0x248 ./Startup_Code/mcg.o
 .debug_frame   0x00000554      0x23c ./Startup_Code/newlib_stubs.o
 .debug_frame   0x00000790       0x68 ./Startup_Code/system-gcc.o
 .debug_frame   0x000007f8      0x104 ./Startup_Code/system.o
 .debug_frame   0x000008fc       0x54 ./Startup_Code/vectors.o
 .debug_frame   0x00000950       0x44 ./Sources/main.o
 .debug_frame   0x00000994       0x20 c:/freescale/kds_v3/toolchain/bin/../lib/gcc/arm-none-eabi/4.8.4/../../../../arm-none-eabi/lib/armv7e-m\libstdc++_s.a(del_op.o)
 .debug_frame   0x000009b4       0x20 c:/freescale/kds_v3/toolchain/bin/../lib/gcc/arm-none-eabi/4.8.4/../../../../arm-none-eabi/lib/armv7e-m\libstdc++_s.a(atexit_arm.o)
 .debug_frame   0x000009d4       0x2c c:/freescale/kds_v3/toolchain/bin/../lib/gcc/arm-none-eabi/4.8.4/../../../../arm-none-eabi/lib/armv7e-m\libg_s.a(lib_a-cxa_atexit.o)
 .debug_frame   0x00000a00       0x28 c:/freescale/kds_v3/toolchain/bin/../lib/gcc/arm-none-eabi/4.8.4/../../../../arm-none-eabi/lib/armv7e-m\libg_s.a(lib_a-exit.o)
 .debug_frame   0x00000a28       0x2c c:/freescale/kds_v3/toolchain/bin/../lib/gcc/arm-none-eabi/4.8.4/../../../../arm-none-eabi/lib/armv7e-m\libg_s.a(lib_a-init.o)
 .debug_frame   0x00000a54       0x30 c:/freescale/kds_v3/toolchain/bin/../lib/gcc/arm-none-eabi/4.8.4/../../../../arm-none-eabi/lib/armv7e-m\libg_s.a(lib_a-malloc.o)
 .debug_frame   0x00000a84       0x20 c:/freescale/kds_v3/toolchain/bin/../lib/gcc/arm-none-eabi/4.8.4/../../../../arm-none-eabi/lib/armv7e-m\libg_s.a(lib_a-memset.o)
 .debug_frame   0x00000aa4       0x2c c:/freescale/kds_v3/toolchain/bin/../lib/gcc/arm-none-eabi/4.8.4/../../../../arm-none-eabi/lib/armv7e-m\libg_s.a(lib_a-nano-freer.o)
 .debug_frame   0x00000ad0       0x2c c:/freescale/kds_v3/toolchain/bin/../lib/gcc/arm-none-eabi/4.8.4/../../../../arm-none-eabi/lib/armv7e-m\libg_s.a(lib_a-nano-mallocr.o)
 .debug_frame   0x00000afc      0x12c c:/freescale/kds_v3/toolchain/bin/../lib/gcc/arm-none-eabi/4.8.4/../../../../arm-none-eabi/lib/armv7e-m\libg_s.a(lib_a-findfp.o)
 .debug_frame   0x00000c28      0x30c c:/freescale/kds_v3/toolchain/bin/../lib/gcc/arm-none-eabi/4.8.4/../../../../arm-none-eabi/lib/armv7e-m\librdimon_s.a(rdimon-syscalls.o)
